// Vitest Snapshot v1, https://vitest.dev/guide/snapshot.html

exports[`rolldown 1`] = `
[
  "// main.d.ts
import { type Num } from "./types";
export type Str = string;
export declare function hello(s: Str): Str;
export declare let num: Num;
",
  "// main.js

//#region tests/fixtures/main.ts
function hello(s) {
	return "hello" + s;
}
let num = 1;

//#endregion
export { hello, num };",
  "// types.d.ts
export type Num = number;
",
]
`;
